
> build
> npm run build --workspace client && npm run build:server


> client@0.0.0 build
> tsc -b && vite build

vite v8.3.1 building client environment for production...
transforming...
✓ 1952 modules transformed.
rendering chunks...
computing gzip size...
dist/index.html                                       0.64 kB │ gzip:   0.38 kB
dist/assets/mediaCrypto.worker-DhPs_vly.js            3.54 kB
dist/assets/livekit-client.e2ee.worker-Cx1SY2Xz.js   97.81 kB
dist/assets/index-dy0k90Ie.css                      141.24 kB │ gzip:  23.96 kB
dist/assets/emoji-picker-react.esm-C4jiTtpL.js      333.05 kB │ gzip:  82.52 kB
dist/assets/index-BpJh62vh.js                       457.48 kB │ gzip: 131.05 kB
dist/assets/livekit-client.esm-UwqhGlWG.js          519.38 kB │ gzip: 134.99 kB

✓ built in 1.94s
[plugin builtin:vite-reporter]
(!) Some chunks are larger than 500 kB after minification. Consider:
- Using dynamic import() to code-split the application
- Use build.rolldownOptions.output.codeSplitting to improve chunking: https://rolldown.rs/reference/OutputOptions.codeSplitting
- Adjust chunk size limit for this warning via build.chunkSizeWarningLimit.
[INEFFECTIVE_DYNAMIC_IMPORT] src/features/media/v2/jobStore.ts is dynamically imported by src/features/messaging/Conversation.tsx but also statically imported by src/features/media/v2/prepareVideo.ts, src/features/media/v2/prepareVoice.ts, src/features/media/v2/uploadManager.ts, dynamic import will not move module into another chunk.


> build:server
> tsc -p tsconfig.server.json
